// Jest Snapshot v1, https://goo.gl/fbAQLP

exports[`App should match the snapshot with all data passed in correctly 1`] = `
<Fragment>
  <header>
    <h1>
      My order history
    </h1>
    <OrderForm
      addOrder={[Function]}
    />
  </header>
  <main
    className="purchase-container"
  >
    <OrderList
      deleteOrder={[Function]}
      orders={Array []}
    />
  </main>
</Fragment>
`;
